
  [32m[1mVITE[22m v7.2.2[39m  [2mready in [0m[1m274[22m[2m[0m ms[22m

  [32m➜[39m  [1mLocal[22m:   [36mhttp://localhost:[1m5173[22m/[39m
  [32m➜[39m  [1mNetwork[22m: [36mhttp://10.1.0.161:[1m5173[22m/[39m
[33m
Unable to parse HTML; parse5 error code disallowed-content-in-noscript-in-head
 at /home/runner/work/typerace.io/typerace.io/frontend/index.html:82:7
80 |      <!-- Semantic HTML for Screen Readers (hidden but crawlable) -->
81 |      <noscript>
82 |        <h1>TypeRace.io - Practive Typing by Racing Against Real People</h1>
   |        ^^^^
83 |        <p>
84 |          Compete in real-time multiplayer typing races. Choose from multiple languages including [39m
[baseline-browser-mapping] The data in this module is over two months old.  To ensure accurate Baseline data, please update: `npm i baseline-browser-mapping@latest -D`
[2m3:10:26 AM[22m [31m[1m[vite][22m[39m [31m[2m(client)[22m[39m Pre-transform error: Failed to resolve import "./archive_old_games_reducer" from "module_bindings/index.ts". Does the file exist?
  Plugin: [35mvite:import-analysis[39m
  File: [36m/home/runner/work/typerace.io/typerace.io/frontend/module_bindings/index.ts[39m:34:28
[33m  10 |    table as __table
  11 |  } from "spacetimedb";
  12 |  import ArchiveOldGames from "./archive_old_games_reducer";
     |                               ^
  13 |  export { ArchiveOldGames };
  14 |  import CleanupOldXpGains from "./cleanup_old_xp_gains_reducer";[39m
[2m3:10:26 AM[22m [31m[1m[vite][22m[39m [31m[2m(client)[22m[39m Pre-transform error: Failed to resolve import "./archive_old_games_reducer" from "module_bindings/index.ts". Does the file exist?
  Plugin: [35mvite:import-analysis[39m
  File: [36m/home/runner/work/typerace.io/typerace.io/frontend/module_bindings/index.ts[39m:34:28
[33m  10 |    table as __table
  11 |  } from "spacetimedb";
  12 |  import ArchiveOldGames from "./archive_old_games_reducer";
     |                               ^
  13 |  export { ArchiveOldGames };
  14 |  import CleanupOldXpGains from "./cleanup_old_xp_gains_reducer";[39m
[2m3:10:26 AM[22m [36m[1m[vite][22m[39m [90m[2m(client)[22m[39m [32mhmr update [39m[2m/src/index.css[22m
[33m
Unable to parse HTML; parse5 error code disallowed-content-in-noscript-in-head
 at /home/runner/work/typerace.io/typerace.io/frontend/index.html:82:7
80 |      <!-- Semantic HTML for Screen Readers (hidden but crawlable) -->
81 |      <noscript>
82 |        <h1>TypeRace.io - Practive Typing by Racing Against Real People</h1>
   |        ^^^^
83 |        <p>
84 |          Compete in real-time multiplayer typing races. Choose from multiple languages including [39m
[2m3:10:37 AM[22m [36m[1m[vite][22m[39m [90m[2m(client)[22m[39m [32mhmr update [39m[2m/src/index.css[22m
[2m3:10:37 AM[22m [31m[1m[vite][22m[39m [31mInternal server error: Failed to resolve import "./archive_old_games_reducer" from "module_bindings/index.ts". Does the file exist?[39m
  Plugin: [35mvite:import-analysis[39m
  File: [36m/home/runner/work/typerace.io/typerace.io/frontend/module_bindings/index.ts[39m:34:28
[33m  10 |    table as __table
  11 |  } from "spacetimedb";
  12 |  import ArchiveOldGames from "./archive_old_games_reducer";
     |                               ^
  13 |  export { ArchiveOldGames };
  14 |  import CleanupOldXpGains from "./cleanup_old_xp_gains_reducer";[39m
      at TransformPluginContext._formatLog (file:///home/runner/work/typerace.io/typerace.io/frontend/node_modules/vite/dist/node/chunks/config.js:29618:43)
      at TransformPluginContext.error (file:///home/runner/work/typerace.io/typerace.io/frontend/node_modules/vite/dist/node/chunks/config.js:29615:14)
      at normalizeUrl (file:///home/runner/work/typerace.io/typerace.io/frontend/node_modules/vite/dist/node/chunks/config.js:27738:18)
      at process.processTicksAndRejections (node:internal/process/task_queues:104:5)
      at async file:///home/runner/work/typerace.io/typerace.io/frontend/node_modules/vite/dist/node/chunks/config.js:27796:32
      at async Promise.all (index 1)
      at async TransformPluginContext.transform (file:///home/runner/work/typerace.io/typerace.io/frontend/node_modules/vite/dist/node/chunks/config.js:27764:4)
      at async EnvironmentPluginContainer.transform (file:///home/runner/work/typerace.io/typerace.io/frontend/node_modules/vite/dist/node/chunks/config.js:29416:14)
      at async loadAndTransform (file:///home/runner/work/typerace.io/typerace.io/frontend/node_modules/vite/dist/node/chunks/config.js:23287:26)
      at async viteTransformMiddleware (file:///home/runner/work/typerace.io/typerace.io/frontend/node_modules/vite/dist/node/chunks/config.js:25159:20)
[2m3:10:37 AM[22m [36m[1m[vite][22m[39m [90m[2m(client)[22m[39m [32mhmr update [39m[2m/src/index.css[22m
[2m3:11:12 AM[22m [36m[1m[vite][22m[39m [90m[2m(client)[22m[39m [32mpage reload [39m[2mmodule_bindings/countdown_start_table.ts[22m
[2m3:11:12 AM[22m [36m[1m[vite][22m[39m [90m[2m(client)[22m[39m [32mhmr update [39m[2m/src/index.css[22m
[33m
Unable to parse HTML; parse5 error code disallowed-content-in-noscript-in-head
 at /home/runner/work/typerace.io/typerace.io/frontend/index.html:82:7
80 |      <!-- Semantic HTML for Screen Readers (hidden but crawlable) -->
81 |      <noscript>
82 |        <h1>TypeRace.io - Practive Typing by Racing Against Real People</h1>
   |        ^^^^
83 |        <p>
84 |          Compete in real-time multiplayer typing races. Choose from multiple languages including [39m
[33m
Unable to parse HTML; parse5 error code disallowed-content-in-noscript-in-head
 at /home/runner/work/typerace.io/typerace.io/frontend/index.html:82:7
80 |      <!-- Semantic HTML for Screen Readers (hidden but crawlable) -->
81 |      <noscript>
82 |        <h1>TypeRace.io - Practive Typing by Racing Against Real People</h1>
   |        ^^^^
83 |        <p>
84 |          Compete in real-time multiplayer typing races. Choose from multiple languages including [39m
[2m3:11:12 AM[22m [36m[1m[vite][22m[39m [90m[2m(client)[22m[39m [32mhmr update [39m[2m/src/index.css[22m
[33m
Unable to parse HTML; parse5 error code disallowed-content-in-noscript-in-head
 at /home/runner/work/typerace.io/typerace.io/frontend/index.html:82:7
80 |      <!-- Semantic HTML for Screen Readers (hidden but crawlable) -->
81 |      <noscript>
82 |        <h1>TypeRace.io - Practive Typing by Racing Against Real People</h1>
   |        ^^^^
83 |        <p>
84 |          Compete in real-time multiplayer typing races. Choose from multiple languages including [39m
[2m3:11:17 AM[22m [36m[1m[vite][22m[39m [90m[2m(client)[22m[39m [32mhmr update [39m[2m/src/index.css[22m
[33m
Unable to parse HTML; parse5 error code disallowed-content-in-noscript-in-head
 at /home/runner/work/typerace.io/typerace.io/frontend/index.html:82:7
80 |      <!-- Semantic HTML for Screen Readers (hidden but crawlable) -->
81 |      <noscript>
82 |        <h1>TypeRace.io - Practive Typing by Racing Against Real People</h1>
   |        ^^^^
83 |        <p>
84 |          Compete in real-time multiplayer typing races. Choose from multiple languages including [39m
[2m3:12:07 AM[22m [36m[1m[vite][22m[39m [90m[2m(client)[22m[39m [32mhmr update [39m[2m/src/index.css[22m
[33m
Unable to parse HTML; parse5 error code disallowed-content-in-noscript-in-head
 at /home/runner/work/typerace.io/typerace.io/frontend/index.html:82:7
80 |      <!-- Semantic HTML for Screen Readers (hidden but crawlable) -->
81 |      <noscript>
82 |        <h1>TypeRace.io - Practive Typing by Racing Against Real People</h1>
   |        ^^^^
83 |        <p>
84 |          Compete in real-time multiplayer typing races. Choose from multiple languages including [39m
[2m3:12:26 AM[22m [36m[1m[vite][22m[39m [90m[2m(client)[22m[39m [32mhmr update [39m[2m/src/index.css[22m
