Saving config to /home/runner/.config/spacetime/cli.toml.

┌───────────────────────────────────────────────────────────────────────────────────────────────────────┐
│                                                                                                       │
│                                                                                                       │
│                                                                              ⢀⠔⠁                      │
│                                                                            ⣠⡞⠁                        │
│                                              ⣀⣀⣤⣤⣤⣤⣤⣤⣤⣤⣤⣤⣀⣀⣀⣀⣀⣀⣀⣤⣤⡴⠒    ⢀⣠⡾⠋                          │
│                                         ⢀⣤⣶⣾88888888888888888888⠿⠋    ⢀⣴8⡟⠁                           │
│                                      ⢀⣤⣾88888⡿⠿⠛⠛⠛⠛⠛⠛⠛⠛⠻⠿88888⠟⠁    ⣠⣾88⡟                             │
│                                    ⢀⣴88888⠟⠋⠁ ⣀⣤⠤⠶⠶⠶⠶⠶⠤⣤⣀ ⠉⠉⠉    ⢀⣴⣾888⡟                              │
│                                   ⣠88888⠋  ⣠⠶⠋⠉         ⠉⠙⠶⣄   ⢀⣴888888⠃                              │
│                                  ⣰8888⡟⠁ ⣰⠟⠁               ⠈⠻⣆ ⠈⢿888888                               │
│                                 ⢠8888⡟  ⡼⠁                   ⠈⢧ ⠈⢿8888⡿                               │
│                                 ⣼8888⠁ ⢸⠇                     ⠸⡇ ⠘8888⣷                               │
│                                 88888  8                       8  88888                               │
│                                 ⢿8888⡄ ⢸⡆                     ⢰⡇ ⢀8888⡟                               │
│                                 ⣾8888⣷⡀ ⢳⡀                   ⢀⡞  ⣼8888⠃                               │
│                                 888888⣷⡀ ⠹⣦⡀               ⢀⣴⠏ ⢀⣼8888⠏                                │
│                                ⢠888888⠟⠁   ⠙⠶⣄⣀         ⣀⣠⠶⠋  ⣠88888⠋                                 │
│                                ⣼888⡿⠟⠁    ⣀⣀⣀ ⠉⠛⠒⠶⠶⠶⠶⠶⠒⠛⠉ ⢀⣠⣴88888⠟⠁                                  │
│                               ⣼88⡿⠋    ⢀⣴88888⣶⣦⣤⣤⣤⣤⣤⣤⣤⣤⣶⣾88888⡿⠛⠁                                    │
│                             ⢀⣼8⠟⠁    ⣠⣶88888888888888888888⡿⠿⠛⠁                                       │
│                            ⣠⡾⠋⠁    ⠤⠞⠛⠛⠉⠉⠉⠉⠉⠉⠉⠛⠛⠛⠛⠛⠛⠛⠛⠛⠛⠉⠉                                            │
│                          ⢀⡼⠋                                                                          │
│                        ⢀⠔⠁                                                                            │
│                                                                                                       │
│                                                                                                       │
│  .d8888b.                                     888    d8b                        8888888b.  888888b.   │
│ d88P  Y88b                                    888    Y8P                        888  "Y88b 888  "88b  │
│ Y88b.                                         888                               888    888 888  .88P  │
│  "Y888b.   88888b.   8888b.   .d8888b .d88b.  888888 888 88888b.d88b.   .d88b.  888    888 8888888K.  │
│     "Y88b. 888 "88b     "88b d88P"   d8P  Y8b 888    888 888 "888 "88b d8P  Y8b 888    888 888  "Y88b │
│       "888 888  888 .d888888 888     88888888 888    888 888  888  888 88888888 888    888 888    888 │
│ Y88b  d88P 888 d88P 888  888 Y88b.   Y8b.     Y88b.  888 888  888  888 Y8b.     888  .d88P 888   d88P │
│  "Y8888P"  88888P"  "Y888888  "Y8888P "Y8888   "Y888 888 888  888  888  "Y8888  8888888P"  8888888P"  │
│            888                                                                                        │
│            888                                                                                        │
│            888                                                                                        │
│                                  "Multiplayer at the speed of light"                                  │
└───────────────────────────────────────────────────────────────────────────────────────────────────────┘
    
spacetimedb-standalone version: 1.10.0
spacetimedb-standalone path: /home/runner/.local/share/spacetime/bin/1.10.0/spacetimedb-standalone
database running in data directory /home/runner/.local/share/spacetime/data
[1;33mwarning[0m[1m:[0m [1msome trace filter directives would enable traces that are disabled statically[0m
 [1;38;5;21m|[0m `spacetimedb=debug` would enable the DEBUG level for the `spacetimedb` target
 [1;38;5;21m|[0m `spacetimedb_client_api=debug` would enable the DEBUG level for the `spacetimedb_client_api` target
 [1;38;5;21m|[0m `spacetimedb_lib=debug` would enable the DEBUG level for the `spacetimedb_lib` target
 [1;38;5;21m|[0m `spacetimedb_standalone=debug` would enable the DEBUG level for the `spacetimedb_standalone` target
 [1;38;5;21m|[0m `spacetimedb_commitlog=info` would enable the INFO level for the `spacetimedb_commitlog` target
 [1;38;5;21m|[0m `spacetimedb_durability=info` would enable the INFO level for the `spacetimedb_durability` target
 [1;38;5;21m|[0m `axum::rejection=trace` would enable the TRACE level for the `axum::rejection` target
 [1;38;5;21m=[0m [1mnote:[0m the static max level is `off`
 [1;38;5;21m=[0m [1mhelp:[0m to enable logging, remove the `max_level_off` feature from the `tracing` crate
[2m2026-03-14T20:59:07.581162Z[0m [32m INFO[0m [2m/__w/SpacetimeDB/SpacetimeDB/crates/standalone/src/subcommands/start.rs[0m[2m:[0m[2m195[0m[2m:[0m Starting SpacetimeDB listening on 0.0.0.0:3000
[2m2026-03-14T20:59:07.581201Z[0m [33m WARN[0m [2m/__w/SpacetimeDB/SpacetimeDB/crates/standalone/src/subcommands/start.rs[0m[2m:[0m[2m216[0m[2m:[0m PostgreSQL wire protocol server disabled
[2m2026-03-14T21:00:11.578491Z[0m [32m INFO[0m [2m/__w/SpacetimeDB/SpacetimeDB/crates/core/src/db/relational_db.rs[0m[2m:[0m[2m286[0m[2m:[0m [c20064a7e8cf68bcc5e5b653a62a961f760d652a9469ea591477c9312eeb8b8c] DATABASE: durable_tx_offset is None
[2m2026-03-14T21:00:11.578518Z[0m [32m INFO[0m [2mcrates/core/src/db/relational_db.rs[0m[2m:[0m[2m588[0m[2m:[0m [c20064a7e8cf68bcc5e5b653a62a961f760d652a9469ea591477c9312eeb8b8c] DATABASE: no usable snapshot on disk
[2m2026-03-14T21:00:11.579275Z[0m [32m INFO[0m [2m/__w/SpacetimeDB/SpacetimeDB/crates/core/src/db/relational_db.rs[0m[2m:[0m[2m1749[0m[2m:[0m [c20064a7e8cf68bcc5e5b653a62a961f760d652a9469ea591477c9312eeb8b8c] DATABASE: applying transaction history...
[2m2026-03-14T21:00:11.579296Z[0m [32m INFO[0m [2m/__w/SpacetimeDB/SpacetimeDB/crates/core/src/db/relational_db.rs[0m[2m:[0m[2m1792[0m[2m:[0m [c20064a7e8cf68bcc5e5b653a62a961f760d652a9469ea591477c9312eeb8b8c] DATABASE: applied transaction history
[2m2026-03-14T21:00:11.579448Z[0m [32m INFO[0m [2m/__w/SpacetimeDB/SpacetimeDB/crates/core/src/db/relational_db.rs[0m[2m:[0m[2m1794[0m[2m:[0m [c20064a7e8cf68bcc5e5b653a62a961f760d652a9469ea591477c9312eeb8b8c] DATABASE: rebuilt state after replay
[2m2026-03-14T21:00:12.931787Z[0m [34mDEBUG[0m [2m/__w/SpacetimeDB/SpacetimeDB/crates/core/src/host/module_host.rs[0m[2m:[0m[2m455[0m[2m:[0m init database
[2m2026-03-14T21:00:13.027017Z[0m [32m INFO[0m [2m/__w/SpacetimeDB/SpacetimeDB/crates/durability/src/imp/local.rs[0m[2m:[0m[2m96[0m[2m:[0m open local durability
[2m2026-03-14T21:00:13.028097Z[0m [32m INFO[0m [2m/__w/SpacetimeDB/SpacetimeDB/crates/durability/src/imp/local.rs[0m[2m:[0m[2m187[0m[2m:[0m starting persister task
[2m2026-03-14T21:00:13.028109Z[0m [32m INFO[0m [2m/__w/SpacetimeDB/SpacetimeDB/crates/durability/src/imp/local.rs[0m[2m:[0m[2m263[0m[2m:[0m starting syncer task
[2m2026-03-14T21:00:13.028283Z[0m [32m INFO[0m [2m/__w/SpacetimeDB/SpacetimeDB/crates/durability/src/imp/local.rs[0m[2m:[0m[2m96[0m[2m:[0m open local durability
[2m2026-03-14T21:00:13.028444Z[0m [32m INFO[0m [2m/__w/SpacetimeDB/SpacetimeDB/crates/durability/src/imp/local.rs[0m[2m:[0m[2m187[0m[2m:[0m starting persister task
[2m2026-03-14T21:00:13.028461Z[0m [32m INFO[0m [2m/__w/SpacetimeDB/SpacetimeDB/crates/durability/src/imp/local.rs[0m[2m:[0m[2m263[0m[2m:[0m starting syncer task
[2m2026-03-14T21:00:13.028486Z[0m [32m INFO[0m [2m/__w/SpacetimeDB/SpacetimeDB/crates/core/src/db/relational_db.rs[0m[2m:[0m[2m286[0m[2m:[0m [c20064a7e8cf68bcc5e5b653a62a961f760d652a9469ea591477c9312eeb8b8c] DATABASE: durable_tx_offset is None
[2m2026-03-14T21:00:13.028492Z[0m [32m INFO[0m [2mcrates/core/src/db/relational_db.rs[0m[2m:[0m[2m588[0m[2m:[0m [c20064a7e8cf68bcc5e5b653a62a961f760d652a9469ea591477c9312eeb8b8c] DATABASE: no usable snapshot on disk
[2m2026-03-14T21:00:13.028853Z[0m [32m INFO[0m [2m/__w/SpacetimeDB/SpacetimeDB/crates/core/src/db/relational_db.rs[0m[2m:[0m[2m1749[0m[2m:[0m [c20064a7e8cf68bcc5e5b653a62a961f760d652a9469ea591477c9312eeb8b8c] DATABASE: applying transaction history...
[2m2026-03-14T21:00:13.028924Z[0m [32m INFO[0m [2m/__w/SpacetimeDB/SpacetimeDB/crates/core/src/db/relational_db.rs[0m[2m:[0m[2m1792[0m[2m:[0m [c20064a7e8cf68bcc5e5b653a62a961f760d652a9469ea591477c9312eeb8b8c] DATABASE: applied transaction history
[2m2026-03-14T21:00:13.029101Z[0m [32m INFO[0m [2m/__w/SpacetimeDB/SpacetimeDB/crates/core/src/db/relational_db.rs[0m[2m:[0m[2m1794[0m[2m:[0m [c20064a7e8cf68bcc5e5b653a62a961f760d652a9469ea591477c9312eeb8b8c] DATABASE: rebuilt state after replay
[2m2026-03-14T21:00:13.029326Z[0m [32m INFO[0m [2m/__w/SpacetimeDB/SpacetimeDB/crates/durability/src/imp/local.rs[0m[2m:[0m[2m207[0m[2m:[0m exiting persister task
[2m2026-03-14T21:00:13.215751Z[0m [34mDEBUG[0m [2m/__w/SpacetimeDB/SpacetimeDB/crates/core/src/host/module_host.rs[0m[2m:[0m[2m455[0m[2m:[0m init database
[2m2026-03-14T21:00:13.272163Z[0m [32m INFO[0m [2mcrates/datastore/src/locking_tx_datastore/datastore.rs[0m[2m:[0m[2m279[0m[2m:[0m Capturing snapshot of database Identity(c20064a7e8cf68bcc5e5b653a62a961f760d652a9469ea591477c9312eeb8b8c) at TX offset 0
[2m2026-03-14T21:00:13.277224Z[0m [32m INFO[0m [2m/__w/SpacetimeDB/SpacetimeDB/crates/snapshot/src/lib.rs[0m[2m:[0m[2m707[0m[2m:[0m [c20064a7e8cf68bcc5e5b653a62a961f760d652a9469ea591477c9312eeb8b8c] SNAPSHOT 00000000000000000000: Hardlinked 0 objects and wrote 10 objects
[2m2026-03-14T21:00:13.277334Z[0m [32m INFO[0m [2mcrates/core/src/db/snapshot.rs[0m[2m:[0m[2m233[0m[2m:[0m Captured snapshot of database c20064a7e8cf68bcc5e5b653a62a961f760d652a9469ea591477c9312eeb8b8c at TX offset 0 in 5.231022ms
[2m2026-03-14T21:00:13.277414Z[0m [32m INFO[0m [2mcrates/core/src/db/snapshot.rs[0m[2m:[0m[2m361[0m[2m:[0m Compressed snapshot range 0..0 of database c20064a7e8cf68bcc5e5b653a62a961f760d652a9469ea591477c9312eeb8b8c in 56.019µs
[2m2026-03-14T21:00:13.529587Z[0m [32m INFO[0m [2m/__w/SpacetimeDB/SpacetimeDB/crates/durability/src/imp/local.rs[0m[2m:[0m[2m305[0m[2m:[0m exiting syncer task
[2m2026-03-14T21:01:47.088029Z[0m [34mDEBUG[0m [2m/__w/SpacetimeDB/SpacetimeDB/crates/client-api/src/routes/subscribe.rs[0m[2m:[0m[2m190[0m[2m:[0m websocket: New client connected from unknown ip with Identity c200522d92fae7aa2e4911b8f64c6075191adebf019a8c9b0bc160f00f009203 and ConnectionId 3078e2c54f957684080f25eb717735de
[2m2026-03-14T21:01:47.102747Z[0m [34mDEBUG[0m [2m/__w/SpacetimeDB/SpacetimeDB/crates/client-api/src/routes/subscribe.rs[0m[2m:[0m[2m200[0m[2m:[0m websocket: client_connected returned Ok for unknown ip with Identity c200522d92fae7aa2e4911b8f64c6075191adebf019a8c9b0bc160f00f009203 and ConnectionId 3078e2c54f957684080f25eb717735de
[2m2026-03-14T21:01:47.102772Z[0m [34mDEBUG[0m [2m/__w/SpacetimeDB/SpacetimeDB/crates/client-api/src/routes/subscribe.rs[0m[2m:[0m[2m215[0m[2m:[0m websocket: Database accepted connection from unknown ip with Identity c200522d92fae7aa2e4911b8f64c6075191adebf019a8c9b0bc160f00f009203 and ConnectionId 3078e2c54f957684080f25eb717735de; spawning ws_client_actor and ClientConnection
[2m2026-03-14T21:01:53.330075Z[0m [32m INFO[0m [2m/__w/SpacetimeDB/SpacetimeDB/crates/client-api/src/routes/subscribe.rs[0m[2m:[0m[2m439[0m[2m:[0m Client connection ended: ClientActorId(c200522d92fae7aa2e4911b8f64c6075191adebf019a8c9b0bc160f00f009203@3078e2c54f957684080f25eb717735de/0)
[2m2026-03-14T21:01:53.331153Z[0m [33m WARN[0m [2m/__w/SpacetimeDB/SpacetimeDB/crates/core/src/client/client_connection.rs[0m[2m:[0m[2m719[0m[2m:[0m websocket connection aborted for client identity `c200522d92fae7aa2e4911b8f64c6075191adebf019a8c9b0bc160f00f009203` and database identity `c20064a7e8cf68bcc5e5b653a62a961f760d652a9469ea591477c9312eeb8b8c`
[2m2026-03-14T21:01:53.749880Z[0m [34mDEBUG[0m [2m/__w/SpacetimeDB/SpacetimeDB/crates/client-api/src/routes/subscribe.rs[0m[2m:[0m[2m190[0m[2m:[0m websocket: New client connected from unknown ip with Identity c20035fc8b22653c87d4cfb975351b5e2f4c6be3f4e5dd3a400d404a657bdf31 and ConnectionId 9793fea2422b7620c6fda4e9d98991c6
[2m2026-03-14T21:01:53.750638Z[0m [34mDEBUG[0m [2m/__w/SpacetimeDB/SpacetimeDB/crates/client-api/src/routes/subscribe.rs[0m[2m:[0m[2m200[0m[2m:[0m websocket: client_connected returned Ok for unknown ip with Identity c20035fc8b22653c87d4cfb975351b5e2f4c6be3f4e5dd3a400d404a657bdf31 and ConnectionId 9793fea2422b7620c6fda4e9d98991c6
[2m2026-03-14T21:01:53.750655Z[0m [34mDEBUG[0m [2m/__w/SpacetimeDB/SpacetimeDB/crates/client-api/src/routes/subscribe.rs[0m[2m:[0m[2m215[0m[2m:[0m websocket: Database accepted connection from unknown ip with Identity c20035fc8b22653c87d4cfb975351b5e2f4c6be3f4e5dd3a400d404a657bdf31 and ConnectionId 9793fea2422b7620c6fda4e9d98991c6; spawning ws_client_actor and ClientConnection
[2m2026-03-14T21:03:11.397250Z[0m [34mDEBUG[0m [2m/__w/SpacetimeDB/SpacetimeDB/crates/client-api/src/routes/subscribe.rs[0m[2m:[0m[2m190[0m[2m:[0m websocket: New client connected from unknown ip with Identity c2001f34faa3ff23f847972042b40ad87d7800716c3c5fc80259eba63b0f150a and ConnectionId 3ff67a761701a7cec8c2040f995a9770
[2m2026-03-14T21:03:11.398060Z[0m [34mDEBUG[0m [2m/__w/SpacetimeDB/SpacetimeDB/crates/client-api/src/routes/subscribe.rs[0m[2m:[0m[2m200[0m[2m:[0m websocket: client_connected returned Ok for unknown ip with Identity c2001f34faa3ff23f847972042b40ad87d7800716c3c5fc80259eba63b0f150a and ConnectionId 3ff67a761701a7cec8c2040f995a9770
[2m2026-03-14T21:03:11.398077Z[0m [34mDEBUG[0m [2m/__w/SpacetimeDB/SpacetimeDB/crates/client-api/src/routes/subscribe.rs[0m[2m:[0m[2m215[0m[2m:[0m websocket: Database accepted connection from unknown ip with Identity c2001f34faa3ff23f847972042b40ad87d7800716c3c5fc80259eba63b0f150a and ConnectionId 3ff67a761701a7cec8c2040f995a9770; spawning ws_client_actor and ClientConnection
